// Jest Snapshot v1, https://goo.gl/fbAQLP

exports[`Reviews should render correctly in "debug" mode 1`] = `
<div
  className="left-col"
>
  <div
    className="user_reviews_sub_header"
  >
    Most Helpful Reviews 
    <span
      className="user_reviews_most_helpful_days"
    >
      In the past 30 days
    </span>
  </div>
  <ReviewList
    allReviews={Array []}
    handleVote={[Function]}
    key=""
  />
</div>
`;
